// Jest Snapshot v1, https://goo.gl/fbAQLP

exports[`AddIssue Page Test Suite AddIssue Snapshot 1`] = `
Array [
  <div
    className="container user-section mt-5 mb-3 "
  >
    <h3
      className="text-center"
    >
      Add Issue
    </h3>
    <hr />
  </div>,
  <div
    className="container user-section--auth-container"
  >
    <form
      action="#"
      onReset={[Function]}
      onSubmit={[Function]}
    >
      <div
        className="row g-3"
      >
        <div
          className="col-12"
        >
          <div
            style={
              Object {
                "padding": "1rem",
              }
            }
          >
            <label
              className="form-label"
              htmlFor="Description"
            >
              Description
            </label>
            <input
              className="form-control"
              name="description"
              onBlur={[Function]}
              onChange={[Function]}
              type="text"
              value=""
            />
            <div
              style={
                Object {
                  "height": "1rem",
                }
              }
            />
          </div>
        </div>
        <div
          className="col-md-6 col-sm-12"
        >
          <div
            style={
              Object {
                "padding": "1rem",
              }
            }
          >
            <label
              className="form-label"
              htmlFor="severity"
            >
              Severity
            </label>
            <select
              className="form-select"
              name="severity"
              onBlur={[Function]}
              onChange={[Function]}
              value=""
            >
              <option
                value="Select Option"
              >
                Select Option
              </option>
              <option
                value="Minor"
              >
                Minor
              </option>
              <option
                value="Major"
              >
                Major
              </option>
              <option
                value="Critical"
              >
                Critical
              </option>
            </select>
            <div
              style={
                Object {
                  "height": "1rem",
                }
              }
            />
          </div>
        </div>
        <div
          className="col-md-6 col-sm-12"
        >
          <div
            style={
              Object {
                "padding": "1rem",
              }
            }
          >
            <label
              htmlFor="status"
            >
              Status
            </label>
            <div
              aria-labelledby="my-radio-button"
              className="form-check"
              role="group"
              style={
                Object {
                  "display": "inline-block",
                }
              }
            >
              <div
                className="form-check form-check-inline"
              >
                <input
                  checked={false}
                  className="form-check-input"
                  name="status"
                  onBlur={[Function]}
                  onChange={[Function]}
                  type="radio"
                  value="Open"
                />
                <label
                  className="form-check-label"
                  htmlFor="Open"
                >
                  Open
                </label>
              </div>
              <div
                className="form-check form-check-inline"
              >
                <input
                  checked={false}
                  className="form-check-input"
                  name="status"
                  onBlur={[Function]}
                  onChange={[Function]}
                  type="radio"
                  value="In Progress"
                />
                <label
                  className="form-check-label"
                  htmlFor="In Progress"
                >
                  In Progress
                </label>
              </div>
              <div
                className="form-check form-check-inline"
              >
                <input
                  checked={false}
                  className="form-check-input"
                  name="status"
                  onBlur={[Function]}
                  onChange={[Function]}
                  type="radio"
                  value="Closed"
                />
                <label
                  className="form-check-label"
                  htmlFor="Closed"
                >
                  Closed
                </label>
              </div>
              <div
                style={
                  Object {
                    "height": "1rem",
                  }
                }
              />
            </div>
          </div>
        </div>
        <div
          className="col-md-6 col-sm-12"
        >
          <label
            htmlFor="Created Date"
          >
            Created Date
          </label>
          <input
            className="form-control"
            name="createdDate"
            onBlur={[Function]}
            onChange={[Function]}
            type="date"
            value=""
          />
          <div
            style={
              Object {
                "height": "1rem",
              }
            }
          />
        </div>
        <div
          className="col-md-6 col-sm-12"
        >
          <label
            htmlFor="Resolved Date"
          >
            Resolved Date
          </label>
          <input
            className="form-control"
            name="resolvedDate"
            onBlur={[Function]}
            onChange={[Function]}
            type="date"
            value=""
          />
          <div
            style={
              Object {
                "height": "1rem",
              }
            }
          />
        </div>
        <div
          className="col-12"
          style={
            Object {
              "marginBottom": "5rem",
            }
          }
        >
          <button
            className="btn btn-primary"
            type="submit"
          >
            Submit
          </button>
        </div>
      </div>
    </form>
  </div>,
]
`;
