// Jest Snapshot v1, https://goo.gl/fbAQLP

exports[`Register page Page Test Suite Register page Snapshot 1`] = `
Array [
  <div
    className="container user-section mt-5 mb-3"
  >
    <h3
      className="text-center"
    >
      Register
    </h3>
    <hr />
  </div>,
  <div
    className="container mb-5"
  >
    <h5
      className="fs-6 text-center fw-normal "
    >
      
    </h5>
  </div>,
  <div
    className="container user-section--auth-container"
  >
    <form
      action="#"
      onReset={[Function]}
      onSubmit={[Function]}
    >
      <div
        className="row g-3"
      >
        <div
          className="col-md-6"
        >
          <div
            className=""
          >
            <label
              className="form-label"
              htmlFor="First Name"
            >
              First Name
            </label>
            <input
              className="form-control"
              name="firstName"
              onBlur={[Function]}
              onChange={[Function]}
              placeholder="Enter your First Name"
              type="text"
              value=""
            />
            <div
              style={
                Object {
                  "height": "1rem",
                }
              }
            />
          </div>
        </div>
        <div
          className="col-md-6"
        >
          <div
            className=""
          >
            <label
              className="form-label"
              htmlFor="Last Name"
            >
              Last Name
            </label>
            <input
              className="form-control"
              name="lastName"
              onBlur={[Function]}
              onChange={[Function]}
              placeholder="Enter your Last Name"
              type="text"
              value=""
            />
            <div
              style={
                Object {
                  "height": "1rem",
                }
              }
            />
          </div>
        </div>
        <div
          className="col-md-6"
        >
          <div
            className=""
          >
            <label
              className="form-label"
              htmlFor="Location"
            >
              Location
            </label>
            <input
              className="form-control"
              name="location"
              onBlur={[Function]}
              onChange={[Function]}
              placeholder="Enter your Location"
              type="text"
              value=""
            />
            <div
              style={
                Object {
                  "height": "1rem",
                }
              }
            />
          </div>
        </div>
        <div
          className="col-md-3"
        >
          <div
            className=""
          >
            <label
              className="form-label"
              htmlFor="Email"
            >
              Email
            </label>
            <input
              className="form-control"
              name="email"
              onBlur={[Function]}
              onChange={[Function]}
              placeholder="Enter your Email"
              type="email"
              value=""
            />
            <div
              style={
                Object {
                  "height": "1rem",
                }
              }
            />
          </div>
        </div>
        <div
          className="col-md-3"
        >
          <div
            className=""
          >
            <label
              className="form-label"
              htmlFor="Mobile Number"
            >
              Mobile Number
            </label>
            <input
              className="form-control"
              name="mobNo"
              onBlur={[Function]}
              onChange={[Function]}
              placeholder="Enter your Mobile Number"
              type="number"
              value=""
            />
            <div
              style={
                Object {
                  "height": "1rem",
                }
              }
            />
          </div>
        </div>
        <div
          className="col-md-6"
        >
          <div
            className=""
          >
            <label
              className="form-label"
              htmlFor="Password"
            >
              Password
            </label>
            <input
              className="form-control"
              name="password"
              onBlur={[Function]}
              onChange={[Function]}
              placeholder="Enter your Password"
              type="password"
              value=""
            />
            <div
              style={
                Object {
                  "height": "1rem",
                }
              }
            />
          </div>
        </div>
        <div
          className="col-md-6"
        >
          <div
            className=""
          >
            <label
              className="form-label"
              htmlFor="Password Confirm"
            >
              Password Confirm
            </label>
            <input
              className="form-control"
              name="passwordConf"
              onBlur={[Function]}
              onChange={[Function]}
              placeholder="Enter your Password Confirm"
              type="password"
              value=""
            />
            <div
              style={
                Object {
                  "height": "1rem",
                }
              }
            />
          </div>
        </div>
        <div
          className="col-12 "
          style={
            Object {
              "marginBottom": "5rem",
            }
          }
        >
          <button
            className="btn btn-primary"
            type="submit"
          >
            Register
          </button>
        </div>
      </div>
    </form>
  </div>,
]
`;
