// Jest Snapshot v1, https://goo.gl/fbAQLP

exports[`App Test Suite App Snapshot 1`] = `
Array [
  <div
    className="App"
  >
    <nav
      className="navbar navbar-expand-lg navbar-dark bg-dark navbar-sticky"
    >
      <div
        className="container"
      >
        <a
          className="navbar-brand"
          href="/"
          onClick={[Function]}
        >
          Issue Tracker
        </a>
        <button
          aria-controls="navbarNavAltMarkup"
          aria-expanded="false"
          aria-label="Toggle navigation"
          className="navbar-toggler"
          data-bs-target="#navbarNavAltMarkup"
          data-bs-toggle="collapse"
          type="button"
        >
          <span
            className="navbar-toggler-icon"
          />
        </button>
        <div
          className="collapse navbar-collapse nav-items-container"
          id="navbarNavAltMarkup"
        >
          <div
            className="navbar-nav"
          >
            <a
              className="nav-link"
              href="/About"
              onClick={[Function]}
            >
              About
            </a>
            <a
              className="nav-link"
              href="/Top-Viewed-Issues"
              onClick={[Function]}
            >
              Top Viewed Issues
            </a>
          </div>
          <div
            className="auth d-flex"
          >
            <a
              className="btn btn-primary me-2"
              href="/Register"
              onClick={[Function]}
            >
              <img
                alt="register-icon"
                className="nav--icon"
                src="register.png"
              />
              Register
            </a>
            <a
              className="btn btn-success"
              href="/Login"
              onClick={[Function]}
            >
              <img
                alt="login-icon"
                className="nav--icon"
                src="login.png"
              />
              Login
            </a>
          </div>
        </div>
      </div>
    </nav>
    <div
      className="container mt-4"
    >
      <div
        className="row"
      >
        <div
          className="col-md-12"
        >
          <div
            className="card bg-warning  mb-3"
          >
            <h1
              className="card-header"
            >
              Issues Tracker
            </h1>
            <div
              className="card-body"
            >
              <h5
                className="card-title"
              >
                Welcome to Issue Tracker React Application
              </h5>
              <p
                className="card-text"
              >
                Hope you enjoy the App! To Know more about the Application.
              </p>
              <a
                className="btn btn-danger"
                href="/About"
                onClick={[Function]}
              >
                Click Here
              </a>
            </div>
          </div>
        </div>
      </div>
      <div
        className="row"
      >
        <div
          className="col-md-6"
        >
          <div
            className="card bg-light  mb-3"
          >
            <h3
              className="card-header"
            >
              Filter out!
            </h3>
            <div
              className="card-body"
            >
              <p
                className="card-text"
              >
                You Control the UI. You can keep the details you need in this page. We have included every little details. Try to uncheck some of below details. See the difference with one click.
              </p>
              <div
                className="filter--filter-control m-1"
              >
                <label
                  htmlFor="description"
                >
                  <input
                    defaultChecked="checked"
                    name="description"
                    onChange={[Function]}
                    type="checkbox"
                  />
                  Description
                </label>
                <label
                  htmlFor="severity"
                >
                  <input
                    defaultChecked="checked"
                    name="severity"
                    onChange={[Function]}
                    type="checkbox"
                  />
                  Severity
                </label>
                <label
                  htmlFor="status"
                >
                  <input
                    defaultChecked="checked"
                    name="status"
                    onChange={[Function]}
                    type="checkbox"
                  />
                  Status
                </label>
              </div>
            </div>
          </div>
        </div>
        <div
          className="col-md-6"
        >
          <div
            className="card bg-light  mb-3"
          >
            <h3
              className="card-header"
            >
              Search
            </h3>
            <div
              className="card-body"
            >
              <p
                className="card-text"
              >
                Search out the details you look in the Issue List below!
              </p>
              <input
                className="search-bar"
                name="search"
                onChange={[Function]}
                placeholder="Search description"
                type="text"
              />
            </div>
          </div>
        </div>
      </div>
      <div
        className="row issues-list--heading-container mb-3"
      >
        <div
          className="col-12"
        >
          <h1
            className="heading-primary Issues-heading"
          >
            Issues
          </h1>
          <hr
            className="my-4"
          />
          <div
            className="Issues-description"
          >
            <p
              className="Issues-description--para"
            >
              Find below the Issues, We have covered so Far.
            </p>
          </div>
        </div>
      </div>
      <div
        className="row issues-list--container"
      />
    </div>
  </div>,
  <footer
    className="footer mt-auto py-3 bg-dark"
  >
    <div
      className="container"
    >
      <a
        className="footer-brand navbar-brand"
        href="/"
        onClick={[Function]}
      >
        Issue Tracker
      </a>
    </div>
  </footer>,
]
`;
